// Jest Snapshot v1, https://goo.gl/fbAQLP

exports[`SideBar Component should show "Are you admin?" for superadmin account 1`] = `
<div
  className="m_n_wrapper"
>
  <div
    className="m_n"
  >
    <ul
      className="m_n_ul"
    >
      <li
        className="m_n_li"
      >
        <NavLink
          activeClassName="sidebar_active"
          className="m_n_a"
          exact={true}
          to="/profile/superadmin"
        >
          <span
            className="m_n_icon"
          >
            <i
              className="far fa-user-circle"
            />
          </span>
          <span
            className="m_n_text"
          >
            @superadmin
          </span>
        </NavLink>
      </li>
      <li
        className="m_n_li"
      >
        <NavLink
          activeClassName="sidebar_active"
          className="m_n_a"
          exact={true}
          to="/"
        >
          <span
            className="m_n_icon"
          >
            <i
              className="fas fa-home"
            />
          </span>
          <span
            className="m_n_text"
          >
            Home
          </span>
        </NavLink>
      </li>
      <li
        className="m_n_li"
      >
        <NavLink
          activeClassName="sidebar_active"
          className="m_n_a"
          exact={true}
          to="/explore"
        >
          <span
            className="m_n_icon"
          >
            <i
              className="far fa-compass"
            />
          </span>
          <span
            className="m_n_text"
          >
            Explore
          </span>
        </NavLink>
      </li>
      <li
        className="m_n_li"
      >
        <NavLink
          activeClassName="sidebar_active"
          className="m_n_a"
          exact={true}
          to="/notifications"
        >
          <span
            className="m_n_icon"
          >
            <i
              className="far fa-heart"
            />
          </span>
          <span
            className="m_n_text"
          >
            Notifications
          </span>
          <span
            className="m_n_new"
          >
            4
          </span>
        </NavLink>
      </li>
      <li
        className="m_n_li"
      >
        <NavLink
          activeClassName="sidebar_active"
          className="m_n_a"
          exact={true}
          to="/messages"
        >
          <span
            className="m_n_icon"
          >
            <i
              className="far fa-paper-plane"
            />
          </span>
          <span
            className="m_n_text"
          >
            Messages
          </span>
        </NavLink>
      </li>
      <li
        className="m_n_li"
      >
        <NavLink
          activeClassName="sidebar_active"
          className="m_n_a"
          exact={true}
          to="/profile/superadmin/bookmarks"
        >
          <span
            className="m_n_icon"
          >
            <i
              className="far fa-bookmark"
            />
          </span>
          <span
            className="m_n_text"
          >
            Bookmarks
          </span>
        </NavLink>
      </li>
      <li
        className="m_n_li"
      >
        <NavLink
          activeClassName="sidebar_active"
          className="m_n_a"
          exact={true}
          to="/profile/superadmin/gallery"
        >
          <span
            className="m_n_icon"
          >
            <i
              className="far fa-images"
            />
          </span>
          <span
            className="m_n_text"
          >
            Gallery
          </span>
        </NavLink>
      </li>
      <li
        className="m_n_li"
      >
        <NavLink
          activeClassName="sidebar_active"
          className="m_n_a"
          exact={true}
          to="/profile/superadmin/favourites"
        >
          <span
            className="m_n_icon"
          >
            <i
              className="far fa-star"
            />
          </span>
          <span
            className="m_n_text"
          >
            Favourites
          </span>
        </NavLink>
      </li>
      <li
        className="m_n_li"
      >
        <NavLink
          activeClassName="sidebar_active"
          className="m_n_a"
          exact={true}
          to="/profile/superadmin/groups"
        >
          <span
            className="m_n_icon"
          >
            <i
              className="fas fa-users"
            />
          </span>
          <span
            className="m_n_text"
          >
            Groups
          </span>
        </NavLink>
      </li>
      <li
        className="m_n_li"
      >
        <NavLink
          activeClassName="sidebar_active"
          className="m_n_a"
          exact={true}
          to="/profile/superadmin/recommendations"
        >
          <span
            className="m_n_icon"
          >
            <i
              className="far fa-thumbs-up"
            />
          </span>
          <span
            className="m_n_text"
          >
            Recommendations
          </span>
        </NavLink>
      </li>
      <li
        className="m_n_li"
      >
        <NavLink
          activeClassName="sidebar_active"
          className="m_n_a"
          exact={true}
          to="/edit-profile"
        >
          <span
            className="m_n_icon"
          >
            <i
              className="far fa-edit"
            />
          </span>
          <span
            className="m_n_text"
          >
            Edit profile
          </span>
        </NavLink>
      </li>
      <li
        className="m_n_li"
      >
        <NavLink
          activeClassName="sidebar_active"
          className="m_n_a"
          exact={true}
          to="/superadmin"
        >
          <span
            className="m_n_icon"
          >
            <i
              className="fas fa-user-shield"
            />
          </span>
          <span
            className="m_n_text"
          >
            Manage Users
          </span>
        </NavLink>
      </li>
      <li
        className="m_n_li"
      >
        <NavLink
          activeClassName="sidebar_active"
          className="m_n_a"
          exact={true}
          to="/settings"
        >
          <span
            className="m_n_icon"
          >
            <i
              className="fas fa-cog"
            />
          </span>
          <span
            className="m_n_text"
          >
            Settings
          </span>
        </NavLink>
      </li>
      <li
        className="m_n_li"
      >
        <NavLink
          className="m_n_a m_n_a_admin"
          to="/admin-login?to=/"
        >
          <span
            className="m_n_icon"
          >
            <i
              className="fas fa-user-shield"
            />
          </span>
          <span
            className="m_n_text"
          >
            Are you admin?
          </span>
        </NavLink>
      </li>
    </ul>
  </div>
  <div
    className="m_n_bottom"
  >
    <ul>
      <li>
        <a
          href="/logout"
        >
          Logout
        </a>
      </li>
      <li>
        <a
          href="/help"
        >
          Help
        </a>
      </li>
      <li>
        <a
          className="toggle-sb-options"
          href="#"
          onClick={[Function]}
        >
          <i
            className="material-icons"
          >
            more_horiz
          </i>
        </a>
      </li>
    </ul>
  </div>
</div>
`;
